#
# There is insufficient memory for the Java Runtime Environment to continue.
# Native memory allocation (mmap) failed to map 14680064 bytes for G1 virtual space
# Possible reasons:
#   The system is out of physical RAM or swap space
#   The process is running with CompressedOops enabled, and the Java Heap may be blocking the growth of the native heap
# Possible solutions:
#   Reduce memory load on the system
#   Increase physical memory or swap space
#   Check if swap backing store is full
#   Decrease Java heap size (-Xmx/-Xms)
#   Decrease number of Java threads
#   Decrease Java thread stack sizes (-Xss)
#   Set larger code cache with -XX:ReservedCodeCacheSize=
#   JVM is running with Unscaled Compressed Oops mode in which the Java heap is
#     placed in the first 4GB address space. The Java Heap base address is the
#     maximum limit for the native heap growth. Please use -XX:HeapBaseMinAddress
#     to set the Java Heap base and to place the Java Heap above 4GB virtual address.
# This output file may be truncated or incomplete.
#
#  Out of Memory Error (os_windows.cpp:3557), pid=22332, tid=9900
#
# JRE version: OpenJDK Runtime Environment Temurin-17.0.6+10 (17.0.6+10) (build 17.0.6+10)
# Java VM: OpenJDK 64-Bit Server VM Temurin-17.0.6+10 (17.0.6+10, mixed mode, emulated-client, tiered, compressed oops, compressed class ptrs, g1 gc, windows-amd64)
# No core dump will be written. Minidumps are not enabled by default on client versions of Windows
#

---------------  S U M M A R Y ------------

Command Line: -Dcom.sun.management.jmxremote -Dcom.sun.management.jmxremote.port=9183 -Dcom.sun.management.jmxremote.authenticate=false -Dcom.sun.management.jmxremote.ssl=false -Djava.rmi.server.hostname=localhost -Dspring.jmx.enabled=true -Dmanagement.endpoints.jmx.exposure.include=* -Dspring.application.admin.enabled=true -XX:TieredStopAtLevel=1 -Dspring.boot.project.name=loan-management-system -Dfile.encoding=UTF-8 -XX:+ShowCodeDetailsInExceptionMessages com.twinline.loan_management_system.LoanManagementSystemApplication --spring.profiles.active=dev --spring.output.ansi.enabled=always

Host: AMD Ryzen 5 3500U with Radeon Vega Mobile Gfx  , 8 cores, 5G,  Windows 11 , 64 bit Build 22621 (10.0.22621.3672)
Time: Sun Aug 31 16:37:04 2025 India Standard Time elapsed time: 10.403825 seconds (0d 0h 0m 10s)

---------------  T H R E A D  ---------------

Current thread (0x00000128b0d57f90):  VMThread "VM Thread" [stack: 0x0000001aa5400000,0x0000001aa5500000] [id=9900]

Stack: [0x0000001aa5400000,0x0000001aa5500000]
Native frames: (J=compiled Java code, j=interpreted, Vv=VM code, C=native code)
V  [jvm.dll+0x67741a]
V  [jvm.dll+0x834434]
V  [jvm.dll+0x835bde]
V  [jvm.dll+0x836243]
V  [jvm.dll+0x2457b5]
V  [jvm.dll+0x674329]
V  [jvm.dll+0x6689da]
V  [jvm.dll+0x30489b]
V  [jvm.dll+0x30bd96]
V  [jvm.dll+0x35b57e]
V  [jvm.dll+0x35b7af]
V  [jvm.dll+0x2db778]
V  [jvm.dll+0x2de806]
V  [jvm.dll+0x2e8ea8]
V  [jvm.dll+0x31cfe0]
V  [jvm.dll+0x83a6eb]
V  [jvm.dll+0x83b424]
V  [jvm.dll+0x83b93c]
V  [jvm.dll+0x83bd14]
V  [jvm.dll+0x83bde0]
V  [jvm.dll+0x7e483a]
V  [jvm.dll+0x6762c5]
C  [ucrtbase.dll+0x29333]
C  [KERNEL32.DLL+0x1257d]
C  [ntdll.dll+0x5af28]

VM_Operation (0x0000001aa50ff4b0): G1Concurrent, mode: safepoint, requested by thread 0x00000128a43277a0


---------------  P R O C E S S  ---------------

Threads class SMR info:
_java_thread_list=0x00000128b3767c00, length=28, elements={
0x00000128a42cd770, 0x00000128b0d2fb20, 0x00000128b0d30fc0, 0x00000128b0d7ddd0,
0x00000128b0d7e850, 0x00000128b1816bd0, 0x00000128b181f650, 0x00000128b1822b60,
0x00000128b1823900, 0x00000128b187e440, 0x00000128b0cd1960, 0x00000128b0cd1e70,
0x00000128b1a0a420, 0x00000128b1f81a70, 0x00000128b1f81f40, 0x00000128b2140040,
0x00000128b2175a00, 0x00000128b21cc9f0, 0x00000128b23f3390, 0x00000128b23e9070,
0x00000128b31a22c0, 0x00000128b31a1920, 0x00000128b31a05e0, 0x00000128b31a1450,
0x00000128b31a1df0, 0x00000128b31a3600, 0x00000128b31a0ab0, 0x00000128b31a3130
}

Java Threads: ( => current thread )
  0x00000128a42cd770 JavaThread "main" [_thread_blocked, id=12828, stack(0x0000001aa4e00000,0x0000001aa4f00000)]
  0x00000128b0d2fb20 JavaThread "Reference Handler" daemon [_thread_blocked, id=21376, stack(0x0000001aa5500000,0x0000001aa5600000)]
  0x00000128b0d30fc0 JavaThread "Finalizer" daemon [_thread_blocked, id=21792, stack(0x0000001aa5600000,0x0000001aa5700000)]
  0x00000128b0d7ddd0 JavaThread "Signal Dispatcher" daemon [_thread_blocked, id=8360, stack(0x0000001aa5700000,0x0000001aa5800000)]
  0x00000128b0d7e850 JavaThread "Attach Listener" daemon [_thread_blocked, id=6372, stack(0x0000001aa5800000,0x0000001aa5900000)]
  0x00000128b1816bd0 JavaThread "Service Thread" daemon [_thread_blocked, id=17000, stack(0x0000001aa5900000,0x0000001aa5a00000)]
  0x00000128b181f650 JavaThread "Monitor Deflation Thread" daemon [_thread_blocked, id=25708, stack(0x0000001aa5a00000,0x0000001aa5b00000)]
  0x00000128b1822b60 JavaThread "C1 CompilerThread0" daemon [_thread_blocked, id=7272, stack(0x0000001aa5b00000,0x0000001aa5c00000)]
  0x00000128b1823900 JavaThread "Sweeper thread" daemon [_thread_blocked, id=22720, stack(0x0000001aa5c00000,0x0000001aa5d00000)]
  0x00000128b187e440 JavaThread "Common-Cleaner" daemon [_thread_blocked, id=27156, stack(0x0000001aa5d00000,0x0000001aa5e00000)]
  0x00000128b0cd1960 JavaThread "C1 CompilerThread1" daemon [_thread_blocked, id=22844, stack(0x0000001aa5e00000,0x0000001aa5f00000)]
  0x00000128b0cd1e70 JavaThread "C1 CompilerThread2" daemon [_thread_blocked, id=19084, stack(0x0000001aa5f00000,0x0000001aa6000000)]
  0x00000128b1a0a420 JavaThread "Notification Thread" daemon [_thread_blocked, id=23428, stack(0x0000001aa6000000,0x0000001aa6100000)]
  0x00000128b1f81a70 JavaThread "RMI TCP Accept-0" daemon [_thread_in_native, id=16008, stack(0x0000001aa6100000,0x0000001aa6200000)]
  0x00000128b1f81f40 JavaThread "RMI TCP Accept-9183" daemon [_thread_in_native, id=25816, stack(0x0000001aa6200000,0x0000001aa6300000)]
  0x00000128b2140040 JavaThread "RMI TCP Accept-0" daemon [_thread_in_native, id=27112, stack(0x0000001aa6300000,0x0000001aa6400000)]
  0x00000128b2175a00 JavaThread "RMI TCP Connection(1)-127.0.0.1" daemon [_thread_in_native, id=22548, stack(0x0000001aa6500000,0x0000001aa6600000)]
  0x00000128b21cc9f0 JavaThread "RMI Scheduler(0)" daemon [_thread_blocked, id=26152, stack(0x0000001aa6600000,0x0000001aa6700000)]
  0x00000128b23f3390 JavaThread "Thread-0" [_thread_blocked, id=10556, stack(0x0000001aa7000000,0x0000001aa7100000)]
  0x00000128b23e9070 JavaThread "restartedMain" [_thread_blocked, id=26496, stack(0x0000001aa7100000,0x0000001aa7200000)]
  0x00000128b31a22c0 JavaThread "RMI TCP Connection(2)-127.0.0.1" daemon [_thread_in_native, id=24412, stack(0x0000001aa7200000,0x0000001aa7300000)]
  0x00000128b31a1920 JavaThread "JMX server connection timeout 25" daemon [_thread_blocked, id=2908, stack(0x0000001aa7300000,0x0000001aa7400000)]
  0x00000128b31a05e0 JavaThread "Catalina-utility-1" [_thread_blocked, id=7396, stack(0x0000001aa7400000,0x0000001aa7500000)]
  0x00000128b31a1450 JavaThread "Catalina-utility-2" [_thread_blocked, id=24940, stack(0x0000001aa7600000,0x0000001aa7700000)]
  0x00000128b31a1df0 JavaThread "container-0" [_thread_blocked, id=20356, stack(0x0000001aa7700000,0x0000001aa7800000)]
  0x00000128b31a3600 JavaThread "mysql-cj-abandoned-connection-cleanup" daemon [_thread_blocked, id=2076, stack(0x0000001aa7800000,0x0000001aa7900000)]
  0x00000128b31a0ab0 JavaThread "HikariPool-1:housekeeper" daemon [_thread_blocked, id=25432, stack(0x0000001aa7a00000,0x0000001aa7b00000)]
  0x00000128b31a3130 JavaThread "HikariPool-1:connection-adder" daemon [_thread_blocked, id=7524, stack(0x0000001aa7b00000,0x0000001aa7c00000)]

Other Threads:
=>0x00000128b0d57f90 VMThread "VM Thread" [stack: 0x0000001aa5400000,0x0000001aa5500000] [id=9900]
  0x00000128a42ce5e0 WatcherThread [stack: 0x0000001aa6400000,0x0000001aa6500000] [id=14352]
  0x00000128a431aae0 GCTaskThread "GC Thread#0" [stack: 0x0000001aa4f00000,0x0000001aa5000000] [id=11944]
  0x00000128b23c0f80 GCTaskThread "GC Thread#1" [stack: 0x0000001aa6700000,0x0000001aa6800000] [id=4396]
  0x00000128b3136490 GCTaskThread "GC Thread#2" [stack: 0x0000001aa6800000,0x0000001aa6900000] [id=20272]
  0x00000128b3136b50 GCTaskThread "GC Thread#3" [stack: 0x0000001aa6900000,0x0000001aa6a00000] [id=23520]
  0x00000128b3138e10 GCTaskThread "GC Thread#4" [stack: 0x0000001aa6a00000,0x0000001aa6b00000] [id=16232]
  0x00000128b31390c0 GCTaskThread "GC Thread#5" [stack: 0x0000001aa6b00000,0x0000001aa6c00000] [id=6432]
  0x00000128b3139b80 GCTaskThread "GC Thread#6" [stack: 0x0000001aa6c00000,0x0000001aa6d00000] [id=13732]
  0x00000128b3139e30 GCTaskThread "GC Thread#7" [stack: 0x0000001aa6d00000,0x0000001aa6e00000] [id=12492]
  0x00000128a43277a0 ConcurrentGCThread "G1 Main Marker" [stack: 0x0000001aa5000000,0x0000001aa5100000] [id=2780]
  0x00000128a4328950 ConcurrentGCThread "G1 Conc#0" [stack: 0x0000001aa5100000,0x0000001aa5200000] [id=21404]
  0x00000128b3313610 ConcurrentGCThread "G1 Conc#1" [stack: 0x0000001aa7500000,0x0000001aa7600000] [id=20072]
  0x00000128a437dae0 ConcurrentGCThread "G1 Refine#0" [stack: 0x0000001aa5200000,0x0000001aa5300000] [id=21532]
  0x00000128b23c1230 ConcurrentGCThread "G1 Refine#1" [stack: 0x0000001aa6e00000,0x0000001aa6f00000] [id=6184]
  0x00000128b2398870 ConcurrentGCThread "G1 Refine#2" [stack: 0x0000001aa6f00000,0x0000001aa7000000] [id=25636]
  0x00000128a437e110 ConcurrentGCThread "G1 Service" [stack: 0x0000001aa5300000,0x0000001aa5400000] [id=22208]

Threads with active compile tasks:

VM state: at safepoint (normal execution)

VM Mutex/Monitor currently owned by a thread:  ([mutex/lock_event])
[0x00000128a42c9c60] Threads_lock - owner thread: 0x00000128b0d57f90
[0x00000128a42c7e90] Heap_lock - owner thread: 0x00000128a43277a0

Heap address: 0x00000000a1400000, size: 1516 MB, Compressed Oops mode: 32-bit

CDS archive(s) not mapped
Compressed class space mapped at: 0x0000000100000000-0x0000000140000000, reserved size: 1073741824
Narrow klass base: 0x0000000000000000, Narrow klass shift: 3, Narrow klass range: 0x140000000

GC Precious Log:
 CPUs: 8 total, 8 available
 Memory: 6061M
 Large Page Support: Disabled
 NUMA Support: Disabled
 Compressed Oops: Enabled (32-bit)
 Heap Region Size: 1M
 Heap Min Capacity: 8M
 Heap Initial Capacity: 96M
 Heap Max Capacity: 1516M
 Pre-touch: Disabled
 Parallel Workers: 8
 Concurrent Workers: 2
 Concurrent Refinement Workers: 8
 Periodic GC: Disabled

Heap:
 garbage-first heap   total 71680K, used 49460K [0x00000000a1400000, 0x0000000100000000)
  region size 1024K, 4 young (4096K), 2 survivors (2048K)
 Metaspace       used 69422K, committed 70016K, reserved 1114112K
  class space    used 9647K, committed 9920K, reserved 1048576K

Heap Regions: E=young(eden), S=young(survivor), O=old, HS=humongous(starts), HC=humongous(continues), CS=collection set, F=free, OA=open archive, CA=closed archive, TAMS=top-at-mark-start (previous, next)
|   0|0x00000000a1400000, 0x00000000a1500000, 0x00000000a1500000|100%|HS|  |TAMS 0x00000000a1500000, 0x00000000a1400000| Complete 
|   1|0x00000000a1500000, 0x00000000a1600000, 0x00000000a1600000|100%|HS|  |TAMS 0x00000000a1600000, 0x00000000a1500000| Complete 
|   2|0x00000000a1600000, 0x00000000a1700000, 0x00000000a1700000|100%| O|  |TAMS 0x00000000a1700000, 0x00000000a1600000| Untracked 
|   3|0x00000000a1700000, 0x00000000a1800000, 0x00000000a1800000|100%| O|  |TAMS 0x00000000a1800000, 0x00000000a1700000| Untracked 
|   4|0x00000000a1800000, 0x00000000a1900000, 0x00000000a1900000|100%| O|  |TAMS 0x00000000a1900000, 0x00000000a1800000| Untracked 
|   5|0x00000000a1900000, 0x00000000a1a00000, 0x00000000a1a00000|100%| O|  |TAMS 0x00000000a1a00000, 0x00000000a1900000| Untracked 
|   6|0x00000000a1a00000, 0x00000000a1b00000, 0x00000000a1b00000|100%| O|  |TAMS 0x00000000a1b00000, 0x00000000a1a00000| Untracked 
|   7|0x00000000a1b00000, 0x00000000a1c00000, 0x00000000a1c00000|100%| O|  |TAMS 0x00000000a1c00000, 0x00000000a1b00000| Untracked 
|   8|0x00000000a1c00000, 0x00000000a1d00000, 0x00000000a1d00000|100%| O|  |TAMS 0x00000000a1d00000, 0x00000000a1c00000| Updating 
|   9|0x00000000a1d00000, 0x00000000a1e00000, 0x00000000a1e00000|100%| O|  |TAMS 0x00000000a1e00000, 0x00000000a1d00000| Untracked 
|  10|0x00000000a1e00000, 0x00000000a1f00000, 0x00000000a1f00000|100%| O|  |TAMS 0x00000000a1f00000, 0x00000000a1e00000| Untracked 
|  11|0x00000000a1f00000, 0x00000000a2000000, 0x00000000a2000000|100%| O|  |TAMS 0x00000000a2000000, 0x00000000a1f00000| Untracked 
|  12|0x00000000a2000000, 0x00000000a2100000, 0x00000000a2100000|100%| O|  |TAMS 0x00000000a2100000, 0x00000000a2000000| Untracked 
|  13|0x00000000a2100000, 0x00000000a2200000, 0x00000000a2200000|100%| O|  |TAMS 0x00000000a2200000, 0x00000000a2100000| Untracked 
|  14|0x00000000a2200000, 0x00000000a2300000, 0x00000000a2300000|100%| O|  |TAMS 0x00000000a2300000, 0x00000000a2200000| Untracked 
|  15|0x00000000a2300000, 0x00000000a2400000, 0x00000000a2400000|100%| O|  |TAMS 0x00000000a2400000, 0x00000000a2300000| Updating 
|  16|0x00000000a2400000, 0x00000000a2500000, 0x00000000a2500000|100%| O|  |TAMS 0x00000000a2500000, 0x00000000a2400000| Updating 
|  17|0x00000000a2500000, 0x00000000a2600000, 0x00000000a2600000|100%| O|  |TAMS 0x00000000a2600000, 0x00000000a2500000| Updating 
|  18|0x00000000a2600000, 0x00000000a2700000, 0x00000000a2700000|100%| O|  |TAMS 0x00000000a2700000, 0x00000000a2600000| Updating 
|  19|0x00000000a2700000, 0x00000000a2800000, 0x00000000a2800000|100%| O|  |TAMS 0x00000000a2800000, 0x00000000a2700000| Untracked 
|  20|0x00000000a2800000, 0x00000000a2900000, 0x00000000a2900000|100%| O|  |TAMS 0x00000000a2900000, 0x00000000a2800000| Untracked 
|  21|0x00000000a2900000, 0x00000000a2a00000, 0x00000000a2a00000|100%| O|  |TAMS 0x00000000a2a00000, 0x00000000a2900000| Untracked 
|  22|0x00000000a2a00000, 0x00000000a2b00000, 0x00000000a2b00000|100%| O|  |TAMS 0x00000000a2b00000, 0x00000000a2a00000| Updating 
|  23|0x00000000a2b00000, 0x00000000a2c00000, 0x00000000a2c00000|100%| O|  |TAMS 0x00000000a2c00000, 0x00000000a2b00000| Untracked 
|  24|0x00000000a2c00000, 0x00000000a2d00000, 0x00000000a2d00000|100%| O|  |TAMS 0x00000000a2d00000, 0x00000000a2c00000| Untracked 
|  25|0x00000000a2d00000, 0x00000000a2e00000, 0x00000000a2e00000|100%| O|  |TAMS 0x00000000a2e00000, 0x00000000a2d00000| Updating 
|  26|0x00000000a2e00000, 0x00000000a2f00000, 0x00000000a2f00000|100%| O|  |TAMS 0x00000000a2f00000, 0x00000000a2e00000| Untracked 
|  27|0x00000000a2f00000, 0x00000000a3000000, 0x00000000a3000000|100%| O|  |TAMS 0x00000000a3000000, 0x00000000a2f00000| Untracked 
|  28|0x00000000a3000000, 0x00000000a3100000, 0x00000000a3100000|100%| O|  |TAMS 0x00000000a3100000, 0x00000000a3000000| Untracked 
|  29|0x00000000a3100000, 0x00000000a3200000, 0x00000000a3200000|100%| O|  |TAMS 0x00000000a3200000, 0x00000000a3100000| Untracked 
|  30|0x00000000a3200000, 0x00000000a3300000, 0x00000000a3300000|100%| O|  |TAMS 0x00000000a3300000, 0x00000000a3200000| Untracked 
|  31|0x00000000a3300000, 0x00000000a3400000, 0x00000000a3400000|100%| O|  |TAMS 0x00000000a3400000, 0x00000000a3300000| Untracked 
|  32|0x00000000a3400000, 0x00000000a3500000, 0x00000000a3500000|100%| O|  |TAMS 0x00000000a3500000, 0x00000000a3400000| Untracked 
|  33|0x00000000a3500000, 0x00000000a3600000, 0x00000000a3600000|100%| O|  |TAMS 0x00000000a35cf200, 0x00000000a3500000| Untracked 
|  34|0x00000000a3600000, 0x00000000a3700000, 0x00000000a3700000|100%| O|  |TAMS 0x00000000a3600000, 0x00000000a3600000| Untracked 
|  35|0x00000000a3700000, 0x00000000a3800000, 0x00000000a3800000|100%| O|  |TAMS 0x00000000a3700000, 0x00000000a3700000| Untracked 
|  36|0x00000000a3800000, 0x00000000a3900000, 0x00000000a3900000|100%| O|  |TAMS 0x00000000a3800000, 0x00000000a3800000| Untracked 
|  37|0x00000000a3900000, 0x00000000a3a00000, 0x00000000a3a00000|100%| O|  |TAMS 0x00000000a3900000, 0x00000000a3900000| Untracked 
|  38|0x00000000a3a00000, 0x00000000a3b00000, 0x00000000a3b00000|100%| O|  |TAMS 0x00000000a3a00000, 0x00000000a3a00000| Untracked 
|  39|0x00000000a3b00000, 0x00000000a3c00000, 0x00000000a3c00000|100%| O|  |TAMS 0x00000000a3b00000, 0x00000000a3b00000| Untracked 
|  40|0x00000000a3c00000, 0x00000000a3d00000, 0x00000000a3d00000|100%| O|  |TAMS 0x00000000a3c00000, 0x00000000a3c00000| Untracked 
|  41|0x00000000a3d00000, 0x00000000a3e00000, 0x00000000a3e00000|100%| O|  |TAMS 0x00000000a3d00000, 0x00000000a3d00000| Untracked 
|  42|0x00000000a3e00000, 0x00000000a3f00000, 0x00000000a3f00000|100%| O|  |TAMS 0x00000000a3e00000, 0x00000000a3e00000| Untracked 
|  43|0x00000000a3f00000, 0x00000000a4000000, 0x00000000a4000000|100%| O|  |TAMS 0x00000000a3f00000, 0x00000000a3f00000| Untracked 
|  44|0x00000000a4000000, 0x00000000a4100000, 0x00000000a4100000|100%| O|  |TAMS 0x00000000a4000000, 0x00000000a4000000| Untracked 
|  45|0x00000000a4100000, 0x00000000a414d200, 0x00000000a4200000| 30%| O|  |TAMS 0x00000000a4100000, 0x00000000a4100000| Updating 
|  46|0x00000000a4200000, 0x00000000a4200000, 0x00000000a4300000|  0%| F|  |TAMS 0x00000000a4200000, 0x00000000a4200000| Untracked 
|  47|0x00000000a4300000, 0x00000000a4300000, 0x00000000a4400000|  0%| F|  |TAMS 0x00000000a4300000, 0x00000000a4300000| Untracked 
|  48|0x00000000a4400000, 0x00000000a4400000, 0x00000000a4500000|  0%| F|  |TAMS 0x00000000a4400000, 0x00000000a4400000| Untracked 
|  49|0x00000000a4500000, 0x00000000a4500000, 0x00000000a4600000|  0%| F|  |TAMS 0x00000000a4500000, 0x00000000a4500000| Untracked 
|  50|0x00000000a4600000, 0x00000000a4600000, 0x00000000a4700000|  0%| F|  |TAMS 0x00000000a4600000, 0x00000000a4600000| Untracked 
|  51|0x00000000a4700000, 0x00000000a4700000, 0x00000000a4800000|  0%| F|  |TAMS 0x00000000a4700000, 0x00000000a4700000| Untracked 
|  52|0x00000000a4800000, 0x00000000a4800000, 0x00000000a4900000|  0%| F|  |TAMS 0x00000000a4800000, 0x00000000a4800000| Untracked 
|  53|0x00000000a4900000, 0x00000000a4900000, 0x00000000a4a00000|  0%| F|  |TAMS 0x00000000a4900000, 0x00000000a4900000| Untracked 
|  54|0x00000000a4a00000, 0x00000000a4a00000, 0x00000000a4b00000|  0%| F|  |TAMS 0x00000000a4a00000, 0x00000000a4a00000| Untracked 
|  55|0x00000000a4b00000, 0x00000000a4b00000, 0x00000000a4c00000|  0%| F|  |TAMS 0x00000000a4b00000, 0x00000000a4b00000| Untracked 
|  56|0x00000000a4c00000, 0x00000000a4c00000, 0x00000000a4d00000|  0%| F|  |TAMS 0x00000000a4c00000, 0x00000000a4c00000| Untracked 
|  57|0x00000000a4d00000, 0x00000000a4d00000, 0x00000000a4e00000|  0%| F|  |TAMS 0x00000000a4d00000, 0x00000000a4d00000| Untracked 
|  58|0x00000000a4e00000, 0x00000000a4f00000, 0x00000000a4f00000|100%| S|CS|TAMS 0x00000000a4e00000, 0x00000000a4e00000| Complete 
|  59|0x00000000a4f00000, 0x00000000a5000000, 0x00000000a5000000|100%| S|CS|TAMS 0x00000000a4f00000, 0x00000000a4f00000| Complete 
|  60|0x00000000a5000000, 0x00000000a5000000, 0x00000000a5100000|  0%| F|  |TAMS 0x00000000a5000000, 0x00000000a5000000| Untracked 
|  61|0x00000000a5100000, 0x00000000a5100000, 0x00000000a5200000|  0%| F|  |TAMS 0x00000000a5100000, 0x00000000a5100000| Untracked 
|  62|0x00000000a5200000, 0x00000000a5200000, 0x00000000a5300000|  0%| F|  |TAMS 0x00000000a5200000, 0x00000000a5200000| Untracked 
|  63|0x00000000a5300000, 0x00000000a5300000, 0x00000000a5400000|  0%| F|  |TAMS 0x00000000a5300000, 0x00000000a5300000| Untracked 
|  64|0x00000000a5400000, 0x00000000a5400000, 0x00000000a5500000|  0%| F|  |TAMS 0x00000000a5400000, 0x00000000a5400000| Untracked 
|  65|0x00000000a5500000, 0x00000000a5500000, 0x00000000a5600000|  0%| F|  |TAMS 0x00000000a5500000, 0x00000000a5500000| Untracked 
|  86|0x00000000a6a00000, 0x00000000a6a00000, 0x00000000a6b00000|  0%| F|  |TAMS 0x00000000a6a00000, 0x00000000a6a00000| Untracked 
|  87|0x00000000a6b00000, 0x00000000a6b00000, 0x00000000a6c00000|  0%| F|  |TAMS 0x00000000a6b00000, 0x00000000a6b00000| Untracked 
|  88|0x00000000a6c00000, 0x00000000a6ca3648, 0x00000000a6d00000| 63%| E|  |TAMS 0x00000000a6c00000, 0x00000000a6c00000| Complete 
|  95|0x00000000a7300000, 0x00000000a7400000, 0x00000000a7400000|100%| E|CS|TAMS 0x00000000a7300000, 0x00000000a7300000| Complete 

Card table byte_map: [0x00000128aad80000,0x00000128ab080000] _byte_map_base: 0x00000128aa876000

Marking Bits (Prev, Next): (CMBitMap*) 0x00000128a431b0f0, (CMBitMap*) 0x00000128a431b130
 Prev Bits: [0x00000128ab380000, 0x00000128acb30000)
 Next Bits: [0x00000128acb30000, 0x00000128ae2e0000)

Polling page: 0x00000128a2210000

Metaspace:

Usage:
  Non-class:     58.37 MB used.
      Class:      9.42 MB used.
       Both:     67.80 MB used.

Virtual space:
  Non-class space:       64.00 MB reserved,      58.69 MB ( 92%) committed,  8 nodes.
      Class space:        1.00 GB reserved,       9.69 MB ( <1%) committed,  1 nodes.
             Both:        1.06 GB reserved,      68.38 MB (  6%) committed. 

Chunk freelists:
   Non-Class:  624.00 KB
       Class:  2.36 MB
        Both:  2.97 MB

MaxMetaspaceSize: unlimited
CompressedClassSpaceSize: 1.00 GB
Initial GC threshold: 21.00 MB
Current GC threshold: 98.56 MB
CDS: off
MetaspaceReclaimPolicy: balanced
 - commit_granule_bytes: 65536.
 - commit_granule_words: 8192.
 - virtual_space_node_default_size: 1048576.
 - enlarge_chunks_in_place: 1.
 - new_chunks_are_fully_committed: 0.
 - uncommit_free_chunks: 1.
 - use_allocation_guard: 0.
 - handle_deallocations: 1.


Internal statistics:

num_allocs_failed_limit: 9.
num_arena_births: 784.
num_arena_deaths: 0.
num_vsnodes_births: 9.
num_vsnodes_deaths: 0.
num_space_committed: 1094.
num_space_uncommitted: 0.
num_chunks_returned_to_freelist: 9.
num_chunks_taken_from_freelist: 3028.
num_chunk_merges: 6.
num_chunk_splits: 2198.
num_chunks_enlarged: 1691.
num_purges: 0.
num_inconsistent_stats: 0.

CodeCache: size=49152Kb used=10616Kb max_used=10616Kb free=38535Kb
 bounds [0x00000128a7970000, 0x00000128a83d0000, 0x00000128aa970000]
 total_blobs=6121 nmethods=5464 adapters=582
 compilation: enabled
              stopped_count=0, restarted_count=0
 full_count=0

Compilation events (20 events):
Event: 10.276 Thread 0x00000128b1822b60 5455       1       org.antlr.v4.runtime.atn.ATNConfigSet::iterator (8 bytes)
Event: 10.276 Thread 0x00000128b1822b60 nmethod 5455 0x00000128a83cb010 code [0x00000128a83cb1a0, 0x00000128a83cb318]
Event: 10.276 Thread 0x00000128b1822b60 5456       1       org.antlr.v4.runtime.atn.ArrayPredictionContext::getReturnState (7 bytes)
Event: 10.277 Thread 0x00000128b1822b60 nmethod 5456 0x00000128a83cb410 code [0x00000128a83cb5a0, 0x00000128a83cb698]
Event: 10.277 Thread 0x00000128b1822b60 5457       1       org.antlr.v4.runtime.atn.ATNConfigSet::<init> (44 bytes)
Event: 10.277 Thread 0x00000128b0cd1e70 5458       1       org.antlr.v4.runtime.atn.ATNConfigSet$ConfigHashSet::<init> (8 bytes)
Event: 10.277 Thread 0x00000128b0cd1e70 nmethod 5458 0x00000128a83cb790 code [0x00000128a83cb920, 0x00000128a83cba08]
Event: 10.277 Thread 0x00000128b0cd1e70 5459       1       org.antlr.v4.runtime.misc.FlexibleHashMap::expand (151 bytes)
Event: 10.278 Thread 0x00000128b1822b60 nmethod 5457 0x00000128a83cbb10 code [0x00000128a83cbcc0, 0x00000128a83cbf98]
Event: 10.278 Thread 0x00000128b0cd1e70 nmethod 5459 0x00000128a83cc110 code [0x00000128a83cc320, 0x00000128a83cc838]
Event: 10.284 Thread 0x00000128b0cd1e70 5460       1       sun.util.logging.internal.LoggingProviderImpl$JULWrapper::toJUL (40 bytes)
Event: 10.285 Thread 0x00000128b0cd1e70 nmethod 5460 0x00000128a83ccb90 code [0x00000128a83ccd20, 0x00000128a83cce38]
Event: 10.312 Thread 0x00000128b0cd1e70 5461       1       org.antlr.v4.runtime.misc.FlexibleHashMap::size (5 bytes)
Event: 10.312 Thread 0x00000128b0cd1e70 nmethod 5461 0x00000128a83ccf10 code [0x00000128a83cd0a0, 0x00000128a83cd178]
Event: 10.316 Thread 0x00000128b0cd1e70 5462       1       org.antlr.v4.runtime.CodePointCharStream$CodePoint8BitCharStream::LA (98 bytes)
Event: 10.316 Thread 0x00000128b0cd1e70 nmethod 5462 0x00000128a83cd210 code [0x00000128a83cd3e0, 0x00000128a83cd6a8]
Event: 10.318 Thread 0x00000128b0cd1e70 5463       1       org.antlr.v4.runtime.atn.LexerATNConfig::equals (59 bytes)
Event: 10.318 Thread 0x00000128b0cd1e70 nmethod 5463 0x00000128a83cd810 code [0x00000128a83cd9e0, 0x00000128a83cdc98]
Event: 10.320 Thread 0x00000128b0cd1960 5464       1       org.antlr.v4.runtime.atn.PlusBlockStartState::getStateType (2 bytes)
Event: 10.320 Thread 0x00000128b0cd1960 nmethod 5464 0x00000128a83cdd90 code [0x00000128a83cdf20, 0x00000128a83cdff8]

GC Heap History (20 events):
Event: 5.400 GC heap before
{Heap before GC invocations=12 (full 0):
 garbage-first heap   total 45056K, used 33472K [0x00000000a1400000, 0x0000000100000000)
  region size 1024K, 18 young (18432K), 3 survivors (3072K)
 Metaspace       used 37745K, committed 38208K, reserved 1089536K
  class space    used 4852K, committed 5056K, reserved 1048576K
}
Event: 5.405 GC heap after
{Heap after GC invocations=13 (full 0):
 garbage-first heap   total 45056K, used 20712K [0x00000000a1400000, 0x0000000100000000)
  region size 1024K, 3 young (3072K), 3 survivors (3072K)
 Metaspace       used 37745K, committed 38208K, reserved 1089536K
  class space    used 4852K, committed 5056K, reserved 1048576K
}
Event: 5.929 GC heap before
{Heap before GC invocations=13 (full 0):
 garbage-first heap   total 45056K, used 35048K [0x00000000a1400000, 0x0000000100000000)
  region size 1024K, 17 young (17408K), 3 survivors (3072K)
 Metaspace       used 39670K, committed 40192K, reserved 1089536K
  class space    used 5136K, committed 5376K, reserved 1048576K
}
Event: 5.933 GC heap after
{Heap after GC invocations=14 (full 0):
 garbage-first heap   total 71680K, used 21853K [0x00000000a1400000, 0x0000000100000000)
  region size 1024K, 3 young (3072K), 3 survivors (3072K)
 Metaspace       used 39670K, committed 40192K, reserved 1089536K
  class space    used 5136K, committed 5376K, reserved 1048576K
}
Event: 7.045 GC heap before
{Heap before GC invocations=14 (full 0):
 garbage-first heap   total 71680K, used 55645K [0x00000000a1400000, 0x0000000100000000)
  region size 1024K, 36 young (36864K), 3 survivors (3072K)
 Metaspace       used 47658K, committed 48192K, reserved 1097728K
  class space    used 6294K, committed 6528K, reserved 1048576K
}
Event: 7.050 GC heap after
{Heap after GC invocations=15 (full 0):
 garbage-first heap   total 71680K, used 23568K [0x00000000a1400000, 0x0000000100000000)
  region size 1024K, 5 young (5120K), 5 survivors (5120K)
 Metaspace       used 47658K, committed 48192K, reserved 1097728K
  class space    used 6294K, committed 6528K, reserved 1048576K
}
Event: 8.209 GC heap before
{Heap before GC invocations=15 (full 0):
 garbage-first heap   total 71680K, used 56336K [0x00000000a1400000, 0x0000000100000000)
  region size 1024K, 37 young (37888K), 5 survivors (5120K)
 Metaspace       used 55191K, committed 55744K, reserved 1097728K
  class space    used 7276K, committed 7552K, reserved 1048576K
}
Event: 8.214 GC heap after
{Heap after GC invocations=16 (full 0):
 garbage-first heap   total 71680K, used 26024K [0x00000000a1400000, 0x0000000100000000)
  region size 1024K, 5 young (5120K), 5 survivors (5120K)
 Metaspace       used 55191K, committed 55744K, reserved 1097728K
  class space    used 7276K, committed 7552K, reserved 1048576K
}
Event: 8.683 GC heap before
{Heap before GC invocations=16 (full 0):
 garbage-first heap   total 71680K, used 41384K [0x00000000a1400000, 0x0000000100000000)
  region size 1024K, 21 young (21504K), 5 survivors (5120K)
 Metaspace       used 59912K, committed 60416K, reserved 1105920K
  class space    used 8069K, committed 8320K, reserved 1048576K
}
Event: 8.688 GC heap after
{Heap after GC invocations=17 (full 0):
 garbage-first heap   total 71680K, used 27001K [0x00000000a1400000, 0x0000000100000000)
  region size 1024K, 4 young (4096K), 4 survivors (4096K)
 Metaspace       used 59912K, committed 60416K, reserved 1105920K
  class space    used 8069K, committed 8320K, reserved 1048576K
}
Event: 9.439 GC heap before
{Heap before GC invocations=18 (full 0):
 garbage-first heap   total 71680K, used 57721K [0x00000000a1400000, 0x0000000100000000)
  region size 1024K, 34 young (34816K), 4 survivors (4096K)
 Metaspace       used 64851K, committed 65408K, reserved 1105920K
  class space    used 8870K, committed 9152K, reserved 1048576K
}
Event: 9.444 GC heap after
{Heap after GC invocations=19 (full 0):
 garbage-first heap   total 71680K, used 28643K [0x00000000a1400000, 0x0000000100000000)
  region size 1024K, 3 young (3072K), 3 survivors (3072K)
 Metaspace       used 64851K, committed 65408K, reserved 1105920K
  class space    used 8870K, committed 9152K, reserved 1048576K
}
Event: 10.138 GC heap before
{Heap before GC invocations=19 (full 0):
 garbage-first heap   total 71680K, used 57315K [0x00000000a1400000, 0x0000000100000000)
  region size 1024K, 31 young (31744K), 3 survivors (3072K)
 Metaspace       used 69387K, committed 69952K, reserved 1114112K
  class space    used 9640K, committed 9920K, reserved 1048576K
}
Event: 10.143 GC heap after
{Heap after GC invocations=20 (full 0):
 garbage-first heap   total 71680K, used 30529K [0x00000000a1400000, 0x0000000100000000)
  region size 1024K, 4 young (4096K), 4 survivors (4096K)
 Metaspace       used 69387K, committed 69952K, reserved 1114112K
  class space    used 9640K, committed 9920K, reserved 1048576K
}
Event: 10.248 GC heap before
{Heap before GC invocations=20 (full 0):
 garbage-first heap   total 71680K, used 57153K [0x00000000a1400000, 0x0000000100000000)
  region size 1024K, 30 young (30720K), 4 survivors (4096K)
 Metaspace       used 69422K, committed 70016K, reserved 1114112K
  class space    used 9647K, committed 9920K, reserved 1048576K
}
Event: 10.257 GC heap after
{Heap after GC invocations=21 (full 0):
 garbage-first heap   total 71680K, used 38716K [0x00000000a1400000, 0x0000000100000000)
  region size 1024K, 4 young (4096K), 4 survivors (4096K)
 Metaspace       used 69422K, committed 70016K, reserved 1114112K
  class space    used 9647K, committed 9920K, reserved 1048576K
}
Event: 10.329 GC heap before
{Heap before GC invocations=21 (full 0):
 garbage-first heap   total 71680K, used 53052K [0x00000000a1400000, 0x0000000100000000)
  region size 1024K, 19 young (19456K), 4 survivors (4096K)
 Metaspace       used 69422K, committed 70016K, reserved 1114112K
  class space    used 9647K, committed 9920K, reserved 1048576K
}
Event: 10.338 GC heap after
{Heap after GC invocations=22 (full 0):
 garbage-first heap   total 71680K, used 44590K [0x00000000a1400000, 0x0000000100000000)
  region size 1024K, 3 young (3072K), 3 survivors (3072K)
 Metaspace       used 69422K, committed 70016K, reserved 1114112K
  class space    used 9647K, committed 9920K, reserved 1048576K
}
Event: 10.381 GC heap before
{Heap before GC invocations=22 (full 0):
 garbage-first heap   total 71680K, used 54830K [0x00000000a1400000, 0x0000000100000000)
  region size 1024K, 13 young (13312K), 3 survivors (3072K)
 Metaspace       used 69422K, committed 70016K, reserved 1114112K
  class space    used 9647K, committed 9920K, reserved 1048576K
}
Event: 10.387 GC heap after
{Heap after GC invocations=23 (full 0):
 garbage-first heap   total 71680K, used 48436K [0x00000000a1400000, 0x0000000100000000)
  region size 1024K, 2 young (2048K), 2 survivors (2048K)
 Metaspace       used 69422K, committed 70016K, reserved 1114112K
  class space    used 9647K, committed 9920K, reserved 1048576K
}

Dll operation events (9 events):
Event: 0.034 Loaded shared library E:\Downloads\sts-4.18.0.RELEASE\plugins\org.eclipse.justj.openjdk.hotspot.jre.full.win32.x86_64_17.0.6.v20230204-1729\jre\bin\java.dll
Event: 0.441 Loaded shared library E:\Downloads\sts-4.18.0.RELEASE\plugins\org.eclipse.justj.openjdk.hotspot.jre.full.win32.x86_64_17.0.6.v20230204-1729\jre\bin\jimage.dll
Event: 0.472 Loaded shared library E:\Downloads\sts-4.18.0.RELEASE\plugins\org.eclipse.justj.openjdk.hotspot.jre.full.win32.x86_64_17.0.6.v20230204-1729\jre\bin\net.dll
Event: 0.476 Loaded shared library E:\Downloads\sts-4.18.0.RELEASE\plugins\org.eclipse.justj.openjdk.hotspot.jre.full.win32.x86_64_17.0.6.v20230204-1729\jre\bin\nio.dll
Event: 0.483 Loaded shared library E:\Downloads\sts-4.18.0.RELEASE\plugins\org.eclipse.justj.openjdk.hotspot.jre.full.win32.x86_64_17.0.6.v20230204-1729\jre\bin\zip.dll
Event: 0.608 Loaded shared library E:\Downloads\sts-4.18.0.RELEASE\plugins\org.eclipse.justj.openjdk.hotspot.jre.full.win32.x86_64_17.0.6.v20230204-1729\jre\bin\management.dll
Event: 0.641 Loaded shared library E:\Downloads\sts-4.18.0.RELEASE\plugins\org.eclipse.justj.openjdk.hotspot.jre.full.win32.x86_64_17.0.6.v20230204-1729\jre\bin\management_ext.dll
Event: 3.036 Loaded shared library E:\Downloads\sts-4.18.0.RELEASE\plugins\org.eclipse.justj.openjdk.hotspot.jre.full.win32.x86_64_17.0.6.v20230204-1729\jre\bin\sunmscapi.dll
Event: 6.569 Loaded shared library E:\Downloads\sts-4.18.0.RELEASE\plugins\org.eclipse.justj.openjdk.hotspot.jre.full.win32.x86_64_17.0.6.v20230204-1729\jre\bin\verify.dll

Deoptimization events (10 events):
Event: 2.641 Thread 0x00000128b23e9070 DEOPT PACKING pc=0x00000128a7ee3419 sp=0x0000001aa71fc890
Event: 2.641 Thread 0x00000128b23e9070 DEOPT UNPACKING pc=0x00000128a79c7143 sp=0x0000001aa71fbd70 mode 3
Event: 2.961 Thread 0x00000128b23e9070 DEOPT PACKING pc=0x00000128a7f25055 sp=0x0000001aa71fcf30
Event: 2.961 Thread 0x00000128b23e9070 DEOPT UNPACKING pc=0x00000128a79c7143 sp=0x0000001aa71fc3d8 mode 3
Event: 4.926 Thread 0x00000128b23e9070 DEOPT PACKING pc=0x00000128a80e336c sp=0x0000001aa71fb1f0
Event: 4.926 Thread 0x00000128b23e9070 DEOPT UNPACKING pc=0x00000128a79c7143 sp=0x0000001aa71fa778 mode 0
Event: 4.926 Thread 0x00000128b23e9070 DEOPT PACKING pc=0x00000128a8080a4c sp=0x0000001aa71fb3d0
Event: 4.926 Thread 0x00000128b23e9070 DEOPT UNPACKING pc=0x00000128a79c7143 sp=0x0000001aa71fa890 mode 0
Event: 5.333 Thread 0x00000128b23e9070 DEOPT PACKING pc=0x00000128a81aa5fd sp=0x0000001aa71fc980
Event: 5.333 Thread 0x00000128b23e9070 DEOPT UNPACKING pc=0x00000128a79c7143 sp=0x0000001aa71fbee8 mode 3

Classes unloaded (0 events):
No events

Classes redefined (0 events):
No events

Internal exceptions (20 events):
Event: 9.056 Thread 0x00000128b23e9070 Exception <a 'java/lang/NoSuchMethodError'{0x00000000a4b72690}: 'java.lang.Object java.lang.invoke.DirectMethodHandle$Holder.newInvokeSpecial(java.lang.Object, java.lang.Object, java.lang.Object, java.lang.Object, java.lang.Object, int, java.lang.Object)'> (0x00000000a4b72690) 
thrown [s\src\hotspot\share\interpreter\linkResolver.cpp, line 759]
Event: 9.062 Thread 0x00000128b23e9070 Exception <a 'java/lang/NoSuchMethodError'{0x00000000a4bad778}: 'java.lang.Object java.lang.invoke.DirectMethodHandle$Holder.newInvokeSpecial(java.lang.Object, java.lang.Object, java.lang.Object, java.lang.Object, java.lang.Object, java.lang.Object, java.lang.Object, java.lang.Object, java.lang.Object, java.lang.Object, java.lang.Object, java.lang.Object)'> (0x00000000a4bad778) 
thrown [s\src\hotspot\share\interpreter\linkResolver.cpp, line 759]
Event: 9.063 Thread 0x00000128b23e9070 Exception <a 'java/lang/NoSuchMethodError'{0x00000000a4bb2670}: 'java.lang.Object java.lang.invoke.DirectMethodHandle$Holder.invokeSpecial(java.lang.Object, java.lang.Object, java.lang.Object, java.lang.Object, java.lang.Object, java.lang.Object, java.lang.Object, java.lang.Object, java.lang.Object, java.lang.Object, java.lang.Object, java.lang.Object, java.lang.Object)'> (0x00000000a4bb2670) 
thrown [s\src\hotspot\share\interpreter\linkResolver.cpp, line 759]
Event: 9.063 Thread 0x00000128b23e9070 Exception <a 'java/lang/NoSuchMethodError'{0x00000000a4bb7148}: 'java.lang.Object java.lang.invoke.Invokers$Holder.linkToTargetMethod(java.lang.Object, java.lang.Object, java.lang.Object, java.lang.Object, java.lang.Object, java.lang.Object, java.lang.Object, java.lang.Object, java.lang.Object, java.lang.Object, java.lang.Object, java.lang.Object)'> (0x00000000a4bb7148) 
thrown [s\src\hotspot\share\interpreter\linkResolver.cpp, line 759]
Event: 9.114 Thread 0x00000128b23e9070 Exception <a 'java/lang/IncompatibleClassChangeError'{0x00000000a45785d0}: Found class java.lang.Object, but interface was expected> (0x00000000a45785d0) 
thrown [s\src\hotspot\share\interpreter\linkResolver.cpp, line 826]
Event: 9.130 Thread 0x00000128b23e9070 Exception <a 'java/lang/NoSuchMethodError'{0x00000000a4426188}: 'java.lang.Object java.lang.invoke.DirectMethodHandle$Holder.newInvokeSpecial(java.lang.Object, java.lang.Object, int, java.lang.Object, int, java.lang.Object, java.lang.Object)'> (0x00000000a4426188) 
thrown [s\src\hotspot\share\interpreter\linkResolver.cpp, line 759]
Event: 9.147 Thread 0x00000128b23e9070 Exception <a 'java/lang/NoSuchMethodError'{0x00000000a44c3770}: 'java.lang.Object java.lang.invoke.DirectMethodHandle$Holder.newInvokeSpecial(java.lang.Object, java.lang.Object, java.lang.Object, java.lang.Object, java.lang.Object, java.lang.Object, java.lang.Object, int)'> (0x00000000a44c3770) 
thrown [s\src\hotspot\share\interpreter\linkResolver.cpp, line 759]
Event: 9.147 Thread 0x00000128b23e9070 Exception <a 'java/lang/NoSuchMethodError'{0x00000000a44c8768}: 'java.lang.Object java.lang.invoke.DirectMethodHandle$Holder.invokeSpecial(java.lang.Object, java.lang.Object, java.lang.Object, java.lang.Object, java.lang.Object, java.lang.Object, java.lang.Object, java.lang.Object, int)'> (0x00000000a44c8768) 
thrown [s\src\hotspot\share\interpreter\linkResolver.cpp, line 759]
Event: 9.147 Thread 0x00000128b23e9070 Exception <a 'java/lang/NoSuchMethodError'{0x00000000a44cd230}: 'java.lang.Object java.lang.invoke.Invokers$Holder.linkToTargetMethod(java.lang.Object, java.lang.Object, java.lang.Object, java.lang.Object, java.lang.Object, java.lang.Object, int, java.lang.Object)'> (0x00000000a44cd230) 
thrown [s\src\hotspot\share\interpreter\linkResolver.cpp, line 759]
Event: 9.223 Thread 0x00000128b31a22c0 Exception <a 'java/lang/reflect/InvocationTargetException'{0x00000000a40014a0}> (0x00000000a40014a0) 
thrown [s\src\hotspot\share\runtime\reflection.cpp, line 1121]
Event: 9.322 Thread 0x00000128b23e9070 Exception <a 'java/lang/IncompatibleClassChangeError'{0x00000000a3cc3cb0}: Found class java.lang.Object, but interface was expected> (0x00000000a3cc3cb0) 
thrown [s\src\hotspot\share\interpreter\linkResolver.cpp, line 826]
Event: 9.378 Thread 0x00000128b23e9070 Exception <a 'java/lang/IncompatibleClassChangeError'{0x00000000a3a851c8}: Found class java.lang.Object, but interface was expected> (0x00000000a3a851c8) 
thrown [s\src\hotspot\share\interpreter\linkResolver.cpp, line 826]
Event: 9.500 Thread 0x00000128b23e9070 Exception <a 'java/lang/IncompatibleClassChangeError'{0x00000000a6cfd520}: Found class java.lang.Object, but interface was expected> (0x00000000a6cfd520) 
thrown [s\src\hotspot\share\interpreter\linkResolver.cpp, line 826]
Event: 9.632 Thread 0x00000128b23e9070 Exception <a 'java/lang/reflect/InvocationTargetException'{0x00000000a53c49a8}> (0x00000000a53c49a8) 
thrown [s\src\hotspot\share\runtime\reflection.cpp, line 1121]
Event: 9.651 Thread 0x00000128b23e9070 Exception <a 'java/lang/NoSuchMethodError'{0x00000000a5243f38}: 'int java.lang.invoke.DirectMethodHandle$Holder.invokeStatic(java.lang.Object, java.lang.Object, int)'> (0x00000000a5243f38) 
thrown [s\src\hotspot\share\interpreter\linkResolver.cpp, line 759]
Event: 9.658 Thread 0x00000128b23e9070 Exception <a 'java/lang/IncompatibleClassChangeError'{0x00000000a528a6a0}: Found class java.lang.Object, but interface was expected> (0x00000000a528a6a0) 
thrown [s\src\hotspot\share\interpreter\linkResolver.cpp, line 826]
Event: 9.659 Thread 0x00000128b23e9070 Exception <a 'java/lang/IncompatibleClassChangeError'{0x00000000a5290f48}: Found class java.lang.Object, but interface was expected> (0x00000000a5290f48) 
thrown [s\src\hotspot\share\interpreter\linkResolver.cpp, line 826]
Event: 9.725 Thread 0x00000128b23e9070 Exception <a 'java/lang/NoSuchMethodError'{0x00000000a50679d8}: 'java.lang.Object java.lang.invoke.DirectMethodHandle$Holder.invokeStatic(java.lang.Object, int, java.lang.Object)'> (0x00000000a50679d8) 
thrown [s\src\hotspot\share\interpreter\linkResolver.cpp, line 759]
Event: 9.779 Thread 0x00000128b31a22c0 Exception <a 'java/lang/reflect/InvocationTargetException'{0x00000000a4d06c68}> (0x00000000a4d06c68) 
thrown [s\src\hotspot\share\runtime\reflection.cpp, line 1121]
Event: 9.784 Thread 0x00000128b23e9070 Exception <a 'java/lang/reflect/InvocationTargetException'{0x00000000a4d1f648}> (0x00000000a4d1f648) 
thrown [s\src\hotspot\share\runtime\reflection.cpp, line 1121]

VM Operations (20 events):
Event: 9.514 Executing VM operation: HandshakeAllThreads done
Event: 9.514 Executing VM operation: HandshakeAllThreads
Event: 9.515 Executing VM operation: HandshakeAllThreads done
Event: 10.059 Executing VM operation: HandshakeAllThreads
Event: 10.059 Executing VM operation: HandshakeAllThreads done
Event: 10.063 Executing VM operation: HandshakeAllThreads
Event: 10.063 Executing VM operation: HandshakeAllThreads done
Event: 10.138 Executing VM operation: G1CollectForAllocation
Event: 10.143 Executing VM operation: G1CollectForAllocation done
Event: 10.159 Executing VM operation: HandshakeAllThreads
Event: 10.159 Executing VM operation: HandshakeAllThreads done
Event: 10.159 Executing VM operation: HandshakeAllThreads
Event: 10.159 Executing VM operation: HandshakeAllThreads done
Event: 10.248 Executing VM operation: G1CollectForAllocation
Event: 10.257 Executing VM operation: G1CollectForAllocation done
Event: 10.329 Executing VM operation: G1CollectForAllocation
Event: 10.338 Executing VM operation: G1CollectForAllocation done
Event: 10.381 Executing VM operation: G1CollectForAllocation
Event: 10.387 Executing VM operation: G1CollectForAllocation done
Event: 10.396 Executing VM operation: G1Concurrent

Events (20 events):
Event: 9.657 loading class java/util/regex/Pattern$1
Event: 9.657 loading class java/util/regex/Pattern$1 done
Event: 9.698 loading class java/util/regex/Pattern$Bound
Event: 9.698 loading class java/util/regex/Pattern$Bound done
Event: 9.698 loading class java/util/regex/Pattern$SliceI
Event: 9.698 loading class java/util/regex/Pattern$SliceI done
Event: 9.700 loading class java/util/regex/Pattern$LookBehindEndNode
Event: 9.700 loading class java/util/regex/Pattern$LookBehindEndNode done
Event: 9.700 loading class java/util/regex/Pattern$NotBehind
Event: 9.700 loading class java/util/regex/Pattern$NotBehind done
Event: 9.700 loading class java/util/regex/Pattern$Behind
Event: 9.700 loading class java/util/regex/Pattern$Behind done
Event: 9.700 loading class java/util/regex/Pattern$GroupCurly
Event: 9.700 loading class java/util/regex/Pattern$GroupCurly done
Event: 9.826 loading class java/util/EmptyStackException
Event: 9.826 loading class java/util/EmptyStackException done
Event: 10.039 loading class java/io/InvalidClassException
Event: 10.039 loading class java/io/InvalidClassException done
Event: 10.058 loading class java/util/ArrayList$ListItr
Event: 10.058 loading class java/util/ArrayList$ListItr done


Dynamic libraries:
0x00007ff72e880000 - 0x00007ff72e88e000 	E:\Downloads\sts-4.18.0.RELEASE\plugins\org.eclipse.justj.openjdk.hotspot.jre.full.win32.x86_64_17.0.6.v20230204-1729\jre\bin\javaw.exe
0x00007ffc7a570000 - 0x00007ffc7a787000 	C:\WINDOWS\SYSTEM32\ntdll.dll
0x00007ffc78e10000 - 0x00007ffc78ed4000 	C:\WINDOWS\System32\KERNEL32.DLL
0x00007ffc778a0000 - 0x00007ffc77c4c000 	C:\WINDOWS\System32\KERNELBASE.dll
0x00007ffc77e80000 - 0x00007ffc77f91000 	C:\WINDOWS\System32\ucrtbase.dll
0x00007ffc58a60000 - 0x00007ffc58a79000 	E:\Downloads\sts-4.18.0.RELEASE\plugins\org.eclipse.justj.openjdk.hotspot.jre.full.win32.x86_64_17.0.6.v20230204-1729\jre\bin\VCRUNTIME140.dll
0x00007ffc5e070000 - 0x00007ffc5e087000 	E:\Downloads\sts-4.18.0.RELEASE\plugins\org.eclipse.justj.openjdk.hotspot.jre.full.win32.x86_64_17.0.6.v20230204-1729\jre\bin\jli.dll
0x00007ffc785f0000 - 0x00007ffc7879e000 	C:\WINDOWS\System32\USER32.dll
0x00007ffc78070000 - 0x00007ffc78096000 	C:\WINDOWS\System32\win32u.dll
0x00007ffc5ec10000 - 0x00007ffc5eea3000 	C:\WINDOWS\WinSxS\amd64_microsoft.windows.common-controls_6595b64144ccf1df_6.0.22621.3672_none_2713b9d173822955\COMCTL32.dll
0x00007ffc78510000 - 0x00007ffc78539000 	C:\WINDOWS\System32\GDI32.dll
0x00007ffc789d0000 - 0x00007ffc78a77000 	C:\WINDOWS\System32\msvcrt.dll
0x00007ffc780a0000 - 0x00007ffc781b9000 	C:\WINDOWS\System32\gdi32full.dll
0x00007ffc77fd0000 - 0x00007ffc7806a000 	C:\WINDOWS\System32\msvcp_win.dll
0x00007ffc7a4f0000 - 0x00007ffc7a521000 	C:\WINDOWS\System32\IMM32.DLL
0x00007ffc63bf0000 - 0x00007ffc63bfc000 	E:\Downloads\sts-4.18.0.RELEASE\plugins\org.eclipse.justj.openjdk.hotspot.jre.full.win32.x86_64_17.0.6.v20230204-1729\jre\bin\vcruntime140_1.dll
0x00007ffc32870000 - 0x00007ffc32901000 	E:\Downloads\sts-4.18.0.RELEASE\plugins\org.eclipse.justj.openjdk.hotspot.jre.full.win32.x86_64_17.0.6.v20230204-1729\jre\bin\msvcp140.dll
0x00007ffbe35f0000 - 0x00007ffbe4237000 	E:\Downloads\sts-4.18.0.RELEASE\plugins\org.eclipse.justj.openjdk.hotspot.jre.full.win32.x86_64_17.0.6.v20230204-1729\jre\bin\server\jvm.dll
0x00007ffc79bc0000 - 0x00007ffc79c72000 	C:\WINDOWS\System32\ADVAPI32.dll
0x00007ffc79d60000 - 0x00007ffc79e0a000 	C:\WINDOWS\System32\sechost.dll
0x00007ffc77fa0000 - 0x00007ffc77fc8000 	C:\WINDOWS\System32\bcrypt.dll
0x00007ffc78860000 - 0x00007ffc78975000 	C:\WINDOWS\System32\RPCRT4.dll
0x00007ffc732b0000 - 0x00007ffc732e4000 	C:\WINDOWS\SYSTEM32\WINMM.dll
0x00007ffc6e600000 - 0x00007ffc6e60a000 	C:\WINDOWS\SYSTEM32\VERSION.dll
0x00007ffc5d4e0000 - 0x00007ffc5d4e9000 	C:\WINDOWS\SYSTEM32\WSOCK32.dll
0x00007ffc79210000 - 0x00007ffc79281000 	C:\WINDOWS\System32\WS2_32.dll
0x00007ffc76890000 - 0x00007ffc768a8000 	C:\WINDOWS\SYSTEM32\kernel.appcore.dll
0x00007ffc73520000 - 0x00007ffc7352a000 	E:\Downloads\sts-4.18.0.RELEASE\plugins\org.eclipse.justj.openjdk.hotspot.jre.full.win32.x86_64_17.0.6.v20230204-1729\jre\bin\jimage.dll
0x00007ffc752a0000 - 0x00007ffc754d2000 	C:\WINDOWS\SYSTEM32\DBGHELP.DLL
0x00007ffc78a80000 - 0x00007ffc78e08000 	C:\WINDOWS\System32\combase.dll
0x00007ffc79c80000 - 0x00007ffc79d57000 	C:\WINDOWS\System32\OLEAUT32.dll
0x00007ffc5d7b0000 - 0x00007ffc5d7e2000 	C:\WINDOWS\SYSTEM32\dbgcore.DLL
0x00007ffc781c0000 - 0x00007ffc7823b000 	C:\WINDOWS\System32\bcryptPrimitives.dll
0x00007ffc71b50000 - 0x00007ffc71b75000 	E:\Downloads\sts-4.18.0.RELEASE\plugins\org.eclipse.justj.openjdk.hotspot.jre.full.win32.x86_64_17.0.6.v20230204-1729\jre\bin\java.dll
0x00007ffc561c0000 - 0x00007ffc561d8000 	E:\Downloads\sts-4.18.0.RELEASE\plugins\org.eclipse.justj.openjdk.hotspot.jre.full.win32.x86_64_17.0.6.v20230204-1729\jre\bin\zip.dll
0x00007ffc79290000 - 0x00007ffc79aec000 	C:\WINDOWS\System32\SHELL32.dll
0x00007ffc757a0000 - 0x00007ffc76097000 	C:\WINDOWS\SYSTEM32\windows.storage.dll
0x00007ffc75660000 - 0x00007ffc7579f000 	C:\WINDOWS\SYSTEM32\wintypes.dll
0x00007ffc782b0000 - 0x00007ffc783a4000 	C:\WINDOWS\System32\SHCORE.dll
0x00007ffc79090000 - 0x00007ffc790ee000 	C:\WINDOWS\System32\shlwapi.dll
0x00007ffc777d0000 - 0x00007ffc777f1000 	C:\WINDOWS\SYSTEM32\profapi.dll
0x00007ffc4a670000 - 0x00007ffc4a689000 	E:\Downloads\sts-4.18.0.RELEASE\plugins\org.eclipse.justj.openjdk.hotspot.jre.full.win32.x86_64_17.0.6.v20230204-1729\jre\bin\net.dll
0x00007ffc73630000 - 0x00007ffc73766000 	C:\WINDOWS\SYSTEM32\WINHTTP.dll
0x00007ffc76d00000 - 0x00007ffc76d69000 	C:\WINDOWS\system32\mswsock.dll
0x00007ffc4ad80000 - 0x00007ffc4ad95000 	E:\Downloads\sts-4.18.0.RELEASE\plugins\org.eclipse.justj.openjdk.hotspot.jre.full.win32.x86_64_17.0.6.v20230204-1729\jre\bin\nio.dll
0x00007ffc63940000 - 0x00007ffc63949000 	E:\Downloads\sts-4.18.0.RELEASE\plugins\org.eclipse.justj.openjdk.hotspot.jre.full.win32.x86_64_17.0.6.v20230204-1729\jre\bin\management.dll
0x00007ffc58a50000 - 0x00007ffc58a5b000 	E:\Downloads\sts-4.18.0.RELEASE\plugins\org.eclipse.justj.openjdk.hotspot.jre.full.win32.x86_64_17.0.6.v20230204-1729\jre\bin\management_ext.dll
0x00007ffc79b30000 - 0x00007ffc79b38000 	C:\WINDOWS\System32\PSAPI.DLL
0x00007ffc58ff0000 - 0x00007ffc59007000 	C:\WINDOWS\system32\napinsp.dll
0x00007ffc58a20000 - 0x00007ffc58a3b000 	C:\WINDOWS\system32\pnrpnsp.dll
0x00007ffc76370000 - 0x00007ffc76468000 	C:\WINDOWS\SYSTEM32\DNSAPI.dll
0x00007ffc76300000 - 0x00007ffc7632d000 	C:\WINDOWS\SYSTEM32\IPHLPAPI.DLL
0x00007ffc79200000 - 0x00007ffc79209000 	C:\WINDOWS\System32\NSI.dll
0x00007ffc58890000 - 0x00007ffc588a1000 	C:\WINDOWS\System32\winrnr.dll
0x00007ffc587e0000 - 0x00007ffc587f5000 	C:\WINDOWS\system32\wshbth.dll
0x00007ffc587b0000 - 0x00007ffc587d7000 	C:\WINDOWS\system32\nlansp_c.dll
0x0000000055290000 - 0x00000000552b6000 	C:\Program Files\Bonjour\mdnsNSP.dll
0x00007ffc6f200000 - 0x00007ffc6f20a000 	C:\Windows\System32\rasadhlp.dll
0x00007ffc70850000 - 0x00007ffc708d3000 	C:\WINDOWS\System32\fwpuclnt.dll
0x00007ffc76f90000 - 0x00007ffc76fab000 	C:\WINDOWS\SYSTEM32\CRYPTSP.dll
0x00007ffc767f0000 - 0x00007ffc76825000 	C:\WINDOWS\system32\rsaenh.dll
0x00007ffc76dd0000 - 0x00007ffc76df8000 	C:\WINDOWS\SYSTEM32\USERENV.dll
0x00007ffc76f80000 - 0x00007ffc76f8c000 	C:\WINDOWS\SYSTEM32\CRYPTBASE.dll
0x00007ffc73ae0000 - 0x00007ffc73af9000 	C:\WINDOWS\SYSTEM32\dhcpcsvc6.DLL
0x00007ffc73ac0000 - 0x00007ffc73adf000 	C:\WINDOWS\SYSTEM32\dhcpcsvc.DLL
0x00007ffc70300000 - 0x00007ffc7030e000 	E:\Downloads\sts-4.18.0.RELEASE\plugins\org.eclipse.justj.openjdk.hotspot.jre.full.win32.x86_64_17.0.6.v20230204-1729\jre\bin\sunmscapi.dll
0x00007ffc77c50000 - 0x00007ffc77db7000 	C:\WINDOWS\System32\CRYPT32.dll
0x00007ffc77140000 - 0x00007ffc7716e000 	C:\WINDOWS\SYSTEM32\ncrypt.dll
0x00007ffc77100000 - 0x00007ffc77137000 	C:\WINDOWS\SYSTEM32\NTASN1.dll
0x00007ffc71b20000 - 0x00007ffc71b30000 	E:\Downloads\sts-4.18.0.RELEASE\plugins\org.eclipse.justj.openjdk.hotspot.jre.full.win32.x86_64_17.0.6.v20230204-1729\jre\bin\verify.dll

dbghelp: loaded successfully - version: 4.0.5 - missing functions: none
symbol engine: initialized successfully - sym options: 0x614 - pdb path: .;E:\Downloads\sts-4.18.0.RELEASE\plugins\org.eclipse.justj.openjdk.hotspot.jre.full.win32.x86_64_17.0.6.v20230204-1729\jre\bin;C:\WINDOWS\SYSTEM32;C:\WINDOWS\WinSxS\amd64_microsoft.windows.common-controls_6595b64144ccf1df_6.0.22621.3672_none_2713b9d173822955;E:\Downloads\sts-4.18.0.RELEASE\plugins\org.eclipse.justj.openjdk.hotspot.jre.full.win32.x86_64_17.0.6.v20230204-1729\jre\bin\server;C:\Program Files\Bonjour

VM Arguments:
jvm_args: -Dcom.sun.management.jmxremote -Dcom.sun.management.jmxremote.port=9183 -Dcom.sun.management.jmxremote.authenticate=false -Dcom.sun.management.jmxremote.ssl=false -Djava.rmi.server.hostname=localhost -Dspring.jmx.enabled=true -Dmanagement.endpoints.jmx.exposure.include=* -Dspring.application.admin.enabled=true -XX:TieredStopAtLevel=1 -Dspring.boot.project.name=loan-management-system -Dfile.encoding=UTF-8 -XX:+ShowCodeDetailsInExceptionMessages 
java_command: com.twinline.loan_management_system.LoanManagementSystemApplication --spring.profiles.active=dev --spring.output.ansi.enabled=always
java_class_path (initial): C:\Users\ankus\OneDrive\Desktop\Twinline Business Solutions\loan-management-system\loan-management-system\target\classes;C:\Users\ankus\.m2\repository\org\springframework\boot\spring-boot-starter-data-jpa\3.5.5\spring-boot-starter-data-jpa-3.5.5.jar;C:\Users\ankus\.m2\repository\org\springframework\boot\spring-boot-starter\3.5.5\spring-boot-starter-3.5.5.jar;C:\Users\ankus\.m2\repository\org\springframework\boot\spring-boot-starter-logging\3.5.5\spring-boot-starter-logging-3.5.5.jar;C:\Users\ankus\.m2\repository\ch\qos\logback\logback-classic\1.5.18\logback-classic-1.5.18.jar;C:\Users\ankus\.m2\repository\ch\qos\logback\logback-core\1.5.18\logback-core-1.5.18.jar;C:\Users\ankus\.m2\repository\org\apache\logging\log4j\log4j-to-slf4j\2.24.3\log4j-to-slf4j-2.24.3.jar;C:\Users\ankus\.m2\repository\org\apache\logging\log4j\log4j-api\2.24.3\log4j-api-2.24.3.jar;C:\Users\ankus\.m2\repository\org\slf4j\jul-to-slf4j\2.0.17\jul-to-slf4j-2.0.17.jar;C:\Users\ankus\.m2\repository\jakarta\annotation\jakarta.annotation-api\2.1.1\jakarta.annotation-api-2.1.1.jar;C:\Users\ankus\.m2\repository\org\yaml\snakeyaml\2.4\snakeyaml-2.4.jar;C:\Users\ankus\.m2\repository\org\springframework\boot\spring-boot-starter-jdbc\3.5.5\spring-boot-starter-jdbc-3.5.5.jar;C:\Users\ankus\.m2\repository\com\zaxxer\HikariCP\6.3.2\HikariCP-6.3.2.jar;C:\Users\ankus\.m2\repository\org\springframework\spring-jdbc\6.2.10\spring-jdbc-6.2.10.jar;C:\Users\ankus\.m2\repository\org\hibernate\orm\hibernate-core\6.6.26.Final\hibernate-core-6.6.26.Final.jar;C:\Users\ankus\.m2\repository\jakarta\persistence\jakarta.persistence-api\3.1.0\jakarta.persistence-api-3.1.0.jar;C:\Users\ankus\.m2\repository\jakarta\transaction\jakarta.transaction-api\2.0.1\jakarta.transaction-api-2.0.1.jar;C:\Users\ankus\.m2\repository\org\jboss\logging\jboss-logging\3.6.1.Final\jboss-logging-3.6.1.Final.jar;C:\Users\ankus\.m2\repository\org\hibernate\common\hibernate-commons-annotations\7.0.3.Final\hibernate-common
Launcher Type: SUN_STANDARD

[Global flags]
     intx CICompilerCount                          = 4                                         {product} {ergonomic}
     uint ConcGCThreads                            = 2                                         {product} {ergonomic}
     uint G1ConcRefinementThreads                  = 8                                         {product} {ergonomic}
   size_t G1HeapRegionSize                         = 1048576                                   {product} {ergonomic}
    uintx GCDrainStackTargetSize                   = 64                                        {product} {ergonomic}
   size_t InitialHeapSize                          = 100663296                                 {product} {ergonomic}
     bool ManagementServer                         = true                                      {product} {command line}
   size_t MarkStackSize                            = 4194304                                   {product} {ergonomic}
   size_t MaxHeapSize                              = 1589641216                                {product} {ergonomic}
   size_t MaxNewSize                               = 953155584                                 {product} {ergonomic}
   size_t MinHeapDeltaBytes                        = 1048576                                   {product} {ergonomic}
   size_t MinHeapSize                              = 8388608                                   {product} {ergonomic}
    uintx NonProfiledCodeHeapSize                  = 0                                      {pd product} {ergonomic}
     bool ProfileInterpreter                       = false                                  {pd product} {command line}
    uintx ProfiledCodeHeapSize                     = 0                                      {pd product} {ergonomic}
     bool ShowCodeDetailsInExceptionMessages       = true                                   {manageable} {command line}
   size_t SoftMaxHeapSize                          = 1589641216                             {manageable} {ergonomic}
     intx TieredStopAtLevel                        = 1                                         {product} {command line}
     bool UseCompressedClassPointers               = true                           {product lp64_product} {ergonomic}
     bool UseCompressedOops                        = true                           {product lp64_product} {ergonomic}
     bool UseG1GC                                  = true                                      {product} {ergonomic}
     bool UseLargePagesIndividualAllocation        = false                                  {pd product} {ergonomic}

Logging:
Log output configuration:
 #0: stdout all=warning uptime,level,tags
 #1: stderr all=off uptime,level,tags

Environment Variables:
JAVA_HOME=C:\Program Files\Java\jdk-20\
CLASSPATH=C:\Program Files\Java\jdk-20\bin
PATH=E:/Downloads/sts-4.18.0.RELEASE//plugins/org.eclipse.justj.openjdk.hotspot.jre.full.win32.x86_64_17.0.6.v20230204-1729/jre/bin/server;E:/Downloads/sts-4.18.0.RELEASE//plugins/org.eclipse.justj.openjdk.hotspot.jre.full.win32.x86_64_17.0.6.v20230204-1729/jre/bin;C:\WINDOWS\system32;E:\nodejs;C:\Users\ankus\AppData\Local\Programs\Microsoft VS Code\bin;E:\Downloads\sts-4.18.0.RELEASE;
USERNAME=ankus
OS=Windows_NT
PROCESSOR_IDENTIFIER=AMD64 Family 23 Model 24 Stepping 1, AuthenticAMD
TMP=C:\Users\ankus\AppData\Local\Temp
TEMP=C:\Users\ankus\AppData\Local\Temp



---------------  S Y S T E M  ---------------

OS:
 Windows 11 , 64 bit Build 22621 (10.0.22621.3672)
OS uptime: 0 days 20:10 hours
Hyper-V role detected

CPU: total 8 (initial active 8) (8 cores per cpu, 2 threads per core) family 23 model 24 stepping 1 microcode 0x0, cx8, cmov, fxsr, ht, mmx, 3dnowpref, sse, sse2, sse3, ssse3, sse4a, sse4.1, sse4.2, popcnt, lzcnt, tsc, tscinvbit, avx, avx2, aes, clmul, bmi1, bmi2, adx, sha, fma, vzeroupper, clflush, clflushopt, hv

Memory: 4k page, system-wide physical 6061M (263M free)
TotalPageFile size 13979M (AvailPageFile size 0M)
current process WorkingSet (physical memory assigned to process): 215M, peak: 215M
current process commit charge ("private bytes"): 248M, peak: 262M

vm_info: OpenJDK 64-Bit Server VM (17.0.6+10) for windows-amd64 JRE (17.0.6+10), built on Jan 18 2023 10:08:59 by "temurin" with MS VC++ 16.7 (VS2019)

END.
